// Jest Snapshot v1, https://goo.gl/fbAQLP

exports[`Test <TodoIconTyped /> render <TodoIconTyped />  1`] = `
<ListAltIcon
  fontSize="large"
/>
`;
