// Jest Snapshot v1, https://goo.gl/fbAQLP

exports[`Test <TodoHeaderList /> render <TodoHeaderList />  1`] = `
<ContextConsumer>
  <Component />
</ContextConsumer>
`;
