// Jest Snapshot v1, https://goo.gl/fbAQLP

exports[`Test <TodoItem /> render <TodoItem />  1`] = `
<ContextProvider
  value={
    Object {
      "store": Object {
        "dispatch": [Function],
        "getState": [Function],
        "replaceReducer": [Function],
        "subscribe": [Function],
        Symbol(observable): [Function],
      },
      "subscription": Subscription {
        "handleChangeWrapper": [Function],
        "listeners": Object {
          "clear": [Function],
          "get": [Function],
          "notify": [Function],
          "subscribe": [Function],
        },
        "onStateChange": [Function],
        "parentSub": undefined,
        "store": Object {
          "dispatch": [Function],
          "getState": [Function],
          "replaceReducer": [Function],
          "subscribe": [Function],
          Symbol(observable): [Function],
        },
        "unsubscribe": [Function],
      },
    }
  }
>
  <Connect(TodoItem)
    goTo={[MockFunction]}
    key="1"
    todo={
      Object {
        "assignee": "Assignee 1",
        "description": "Description 1",
        "id": "1",
        "status": "TODO",
        "title": "Title 1",
      }
    }
  />
</ContextProvider>
`;
